
Allocating common symbols
Common symbol       size              file

netbufpool          0x4               binaries/net.o
readylist           0x2               binaries/ready.o
nullstrt            0x4               binaries/initialize.o
rfltab              0x5a0             binaries/rflinit.o
netportseed         0x8               binaries/net.o
sleepq              0x2               binaries/clkinit.o
nnames              0x4               binaries/naminit.o
ps                  0x190             binaries/resched.o
layout_var_uninit   0x4               binaries/xsh_layout.o
udptab              0x168             binaries/udp.o
minheap             0x4               binaries/meminit.o
marks               0x50              binaries/mark.o
currpid             0x4               binaries/initialize.o
Lf_data             0x20c             binaries/lfsinit.o
porttab             0x2d0             binaries/ptinit.o
loadavg             0x4               binaries/initialize.o
girmask             0x2               binaries/evec.o
ttytab              0x110             binaries/ttyinit.o
proctab             0x1900            binaries/initialize.o
prcount             0x4               binaries/initialize.o
int_actions         0x140             binaries/evec.o
lfltab              0xf00             binaries/lflinit.o
mfq                 0x190             binaries/resched.o
rdstab              0x8c              binaries/rdsinit.o
ethertab            0x138             binaries/ethinit.o
NetData             0xb0              binaries/net.o
nmarks              0x4               binaries/mark.o
mfqscnt             0x2               binaries/resched.o
Defer               0x8               binaries/resched.o
mfqs_prior          0x2               binaries/chgprio.o
semtab              0x4b0             binaries/initialize.o
pss_prior           0x2               binaries/chgprio.o
maxheap             0x4               binaries/meminit.o
preempt             0x4               binaries/clkinit.o
buftab              0xf0              binaries/bufinit.o
Rf_data             0x18              binaries/rfsinit.o
mkmutex             0x4               binaries/mark.o
nice                0x190             binaries/resched.o
count1000           0x4               binaries/clkinit.o
clktime             0x4               binaries/clkinit.o
arpcache            0x140             binaries/arp.o
icmptab             0x230             binaries/icmp.o
nbpools             0x4               binaries/bufinit.o
queuetab            0x980             binaries/queue.o
ptnextid            0x4               binaries/ptinit.o
Ram                 0x19000           binaries/raminit.o
schednum            0x190             binaries/resched.o
ipoqueue            0x2c              binaries/ip.o
memlist             0x8               binaries/initialize.o
nametab             0x19a0            binaries/naminit.o
ptfree              0x4               binaries/ptinit.o
cpuusage            0x190             binaries/resched.o

Discarded input sections

 .group         0x0000000000000000        0x8 binaries/ascdate.o
 .group         0x0000000000000000        0x8 binaries/bufinit.o
 .group         0x0000000000000000        0x8 binaries/chgprio.o
 .group         0x0000000000000000        0x8 binaries/chnice.o
 .group         0x0000000000000000        0x8 binaries/chnice.o
 .text.__x86.get_pc_thunk.ax
                0x0000000000000000        0x4 binaries/chnice.o
 .text.__x86.get_pc_thunk.bx
                0x0000000000000000        0x4 binaries/chnice.o
 .group         0x0000000000000000        0x8 binaries/chprio.o
 .text.__x86.get_pc_thunk.bx
                0x0000000000000000        0x4 binaries/chprio.o
 .group         0x0000000000000000        0x8 binaries/clkhandler.o
 .group         0x0000000000000000        0x8 binaries/clkhandler.o
 .text.__x86.get_pc_thunk.ax
                0x0000000000000000        0x4 binaries/clkhandler.o
 .text.__x86.get_pc_thunk.bx
                0x0000000000000000        0x4 binaries/clkhandler.o
 .group         0x0000000000000000        0x8 binaries/clkinit.o
 .text.__x86.get_pc_thunk.bx
                0x0000000000000000        0x4 binaries/clkinit.o
 .group         0x0000000000000000        0x8 binaries/close.o
 .text.__x86.get_pc_thunk.bx
                0x0000000000000000        0x4 binaries/close.o
 .group         0x0000000000000000        0x8 binaries/control.o
 .text.__x86.get_pc_thunk.bx
                0x0000000000000000        0x4 binaries/control.o
 .group         0x0000000000000000        0x8 binaries/create.o
 .group         0x0000000000000000        0x8 binaries/create.o
 .text.__x86.get_pc_thunk.cx
                0x0000000000000000        0x4 binaries/create.o
 .text.__x86.get_pc_thunk.bx
                0x0000000000000000        0x4 binaries/create.o
 .group         0x0000000000000000        0x8 binaries/early_imr.o
 .group         0x0000000000000000        0x8 binaries/early_imr.o
 .text.__x86.get_pc_thunk.ax
[...]
Memory Configuration

Name             Origin             Length             Attributes
*default*        0x0000000000000000 0xffffffffffffffff

Linker script and memory map

                0x0000000000100000                physbase = 0x100000
                0x0000000000100000                . = physbase
                0x0000000000100000                . = ALIGN (0x1000)

.text           0x0000000000100000    0x21000
                0x0000000000100000                text = ABSOLUTE (.)
 *(.text .text.*)
 .text          0x0000000000100000      0x1b4 binaries/start.o
                0x0000000000100024                start
                0x00000000001000f6                inb
                0x00000000001000fe                inw
                0x0000000000100107                inl
                0x000000000010010f                outb
                0x0000000000100119                outw
                0x0000000000100124                outl
                0x000000000010012e                _rtcin
                0x0000000000100139                ___udivsi3
                0x0000000000100144                ___divsi3
                0x0000000000100150                sbzero
                0x0000000000100160                insw
                0x0000000000100176                outsw
                0x000000000010018c                bcopy
                0x00000000001001a0                lidt
                0x00000000001001a8                cpuid
 .text          0x00000000001001b4      0x404 binaries/ascdate.o
                0x00000000001001b4                ascdate
 .text.__x86.get_pc_thunk.cx
                0x00000000001005b8        0x4 binaries/ascdate.o
                0x00000000001005b8                __x86.get_pc_thunk.cx
 .text          0x00000000001005bc       0x20 binaries/bufinit.o
                0x00000000001005bc                bufinit
 .text.__x86.get_pc_thunk.ax
                0x00000000001005dc        0x4 binaries/bufinit.o
                0x00000000001005dc                __x86.get_pc_thunk.ax
 .text          0x00000000001005e0       0x72 binaries/chgprio.o
                0x00000000001005e0                chgprio
 .text.__x86.get_pc_thunk.bx
                0x0000000000100652        0x4 binaries/chgprio.o
                0x0000000000100652                __x86.get_pc_thunk.bx
 .text          0x0000000000100656      0x1da binaries/chnice.o
                0x00000000001006c6                chnice
 .text          0x0000000000100830       0x96 binaries/chprio.o
                0x0000000000100830                chprio
 .text          0x00000000001008c6      0x72b binaries/clkhandler.o
                0x0000000000100936                clkhandler
 .text          0x0000000000100ff1      0x10f binaries/clkinit.o
                0x0000000000100ff1                clkinit
 .text          0x0000000000101100       0x86 binaries/close.o
                0x0000000000101100                close
 .text          0x0000000000101186        0x0 binaries/conf.o
 .text          0x0000000000101186       0x8c binaries/control.o
                0x0000000000101186                control
 .text          0x0000000000101212      0x34d binaries/create.o
                0x0000000000101212                create
 .text          0x000000000010155f      0x30e binaries/early_imr.o
                0x000000000010155f                intel_cln_early_sb_read_reg
                0x00000000001015f0                intel_cln_early_sb_write_reg
                0x00000000001017cf                remove_irm_protections
 .text          0x000000000010186d      0x67a binaries/evec.o
                0x000000000010186d                initevec
                0x00000000001019d9                set_evec
                0x0000000000101a53                set_ivec
                0x0000000000101b04                ioapic_irq2vec
                0x0000000000101b54                int_dispatch
                0x0000000000101bf9                _8259_setirmask
                0x0000000000101c6b                trap
 .text.__x86.get_pc_thunk.dx
                0x0000000000101ee7        0x4 binaries/evec.o
                0x0000000000101ee7                __x86.get_pc_thunk.dx
 .text          0x0000000000101eeb       0x29 binaries/exit.o
                0x0000000000101eeb                exit
 .text          0x0000000000101f14      0x6c3 binaries/fix16.o
                0x0000000000102005                fix16_add
                0x000000000010204c                fix16_sub
                0x0000000000102091                fix16_sadd
                0x00000000001020d5                fix16_ssub
                0x0000000000102119                fix16_mul
                0x00000000001021dd                fix16_smul
                0x0000000000102231                fix16_div
                0x00000000001023bb                fix16_sdiv
                0x000000000010240f                fix16_mod
                0x000000000010242f                fix16_lerp8
                0x00000000001024bb                fix16_lerp16
                0x0000000000102548                fix16_lerp32
 .text          0x00000000001025d7      0x343 binaries/fix16_str.o
                0x0000000000102655                fix16_to_str
                0x0000000000102731                fix16_from_str
 .text          0x000000000010291a      0x174 binaries/fix16test.o
                0x0000000000102932                fix16test
 .text          0x0000000000102a8e       0xa1 binaries/freebuf.o
                0x0000000000102a8e                freebuf
 .text          0x0000000000102b2f      0x195 binaries/freemem.o
                0x0000000000102b2f                freemem
 .text          0x0000000000102cc4       0x9f binaries/getbuf.o
                0x0000000000102cc4                getbuf
 .text          0x0000000000102d63       0x86 binaries/getc.o
                0x0000000000102d63                getc
 .text          0x0000000000102de9       0x86 binaries/getdev.o
                0x0000000000102de9                getdev
 .text          0x0000000000102e6f      0x111 binaries/getitem.o
                0x0000000000102e6f                getfirst
                0x0000000000102ec5                getlast
                0x0000000000102f1d                getitem
 .text          0x0000000000102f80       0x7d binaries/getloadavg.o
                0x0000000000102f80                getloadavg
 .text          0x0000000000102ffd      0x132 binaries/getmem.o
                0x0000000000102ffd                getmem
 .text          0x000000000010312f       0x17 binaries/getpid.o
                0x000000000010312f                getpid
 .text          0x0000000000103146      0x106 binaries/getprio.o
                0x0000000000103146                getprio
 .text          0x000000000010324c       0x75 binaries/getrecentcpu.o
                0x000000000010324c                getrecentcpu
 .text          0x00000000001032c1      0x119 binaries/getstk.o
                0x00000000001032c1                getstk
 .text          0x00000000001033da       0x20 binaries/getticks.o
                0x00000000001033da                getticks
 .text          0x00000000001033fa       0x4a binaries/gettime.o
                0x00000000001033fa                gettime
 .text          0x0000000000103444      0x20e binaries/getutime.o
                0x0000000000103444                getutime
 .text          0x0000000000103652       0x49 binaries/hello.o
                0x0000000000103652                hello
 .text          0x000000000010369b       0x86 binaries/init.o
                0x000000000010369b                init
 .text          0x0000000000103721      0x51e binaries/initialize.o
                0x0000000000103721                nulluser
                0x0000000000103bcc                stop
                0x0000000000103c07                delay
 .text          0x0000000000103c3f       0xfe binaries/insert.o
                0x0000000000103c3f                insert
 .text          0x0000000000103d3d      0x137 binaries/insertd.o
                0x0000000000103d3d                insertd
 .text          0x0000000000103e74       0x14 binaries/ioerr.o
                0x0000000000103e74                ioerr
 .text          0x0000000000103e88       0x14 binaries/ionull.o
                0x0000000000103e88                ionull
 .text          0x0000000000103e9c      0x1fc binaries/kill.o
                0x0000000000103e9c                kill
 .text          0x0000000000104098      0x16c binaries/kprintf.o
                0x0000000000104098                kputc
                0x0000000000104134                kgetc
                0x00000000001041c8                kprintf
 .text          0x0000000000104204       0xac binaries/main.o
                0x0000000000104204                main
 .text          0x00000000001042b0       0xf0 binaries/mark.o
                0x00000000001042b0                markinit
                0x00000000001042eb                mark
 .text          0x00000000001043a0      0x32d binaries/meminit.o
                0x00000000001043a0                meminit
                0x000000000010460a                setsegs
 .text          0x00000000001046cd      0x194 binaries/mkbufpool.o
                0x00000000001046cd                mkbufpool
 .text          0x0000000000104861       0xbb binaries/newqueue.o
                0x0000000000104861                newqueue
 .text          0x000000000010491c       0x8c binaries/open.o
                0x000000000010491c                open
 .text          0x00000000001049a8       0x2e binaries/panic.o
                0x00000000001049a8                panic
 .text          0x00000000001049d6      0x609 binaries/pci.o
                0x00000000001049d6                pci_init
                0x0000000000104a9c                find_pci_device
                0x0000000000104b8d                pci_read_config_byte
                0x0000000000104bf5                pci_read_config_word
                0x0000000000104c5f                pci_read_config_dword
                0x0000000000104cc7                pci_write_config_byte
                0x0000000000104d33                pci_write_config_word
                0x0000000000104da1                pci_write_config_dword
                0x0000000000104e07                pci_get_dev_mmio_base_addr
                0x0000000000104e7d                pci_set_ivec
 .text          0x0000000000104fdf      0x10a binaries/platinit.o
                0x0000000000104fdf                cpu_is_quark
                0x000000000010500d                console_init
                0x000000000010506a                platinit
 .text          0x00000000001050e9      0x105 binaries/ptclear.o
                0x00000000001050e9                _ptclear
 .text          0x00000000001051ee       0xaf binaries/ptcount.o
                0x00000000001051ee                ptcount
 .text          0x000000000010529d      0x138 binaries/ptcreate.o
                0x000000000010529d                ptcreate
 .text          0x00000000001053d5       0x94 binaries/ptdelete.o
                0x00000000001053d5                ptdelete
 .text          0x0000000000105469       0xe7 binaries/ptinit.o
                0x0000000000105469                ptinit
 .text          0x0000000000105550      0x135 binaries/ptrecv.o
                0x0000000000105550                ptrecv
 .text          0x0000000000105685       0x89 binaries/ptreset.o
                0x0000000000105685                ptreset
 .text          0x000000000010570e      0x15a binaries/ptsend.o
                0x000000000010570e                ptsend
 .text          0x0000000000105868       0x91 binaries/putc.o
                0x0000000000105868                putc
 .text          0x00000000001058f9       0xdb binaries/quark_irq.o
                0x00000000001058f9                quark_irq_routing
 .text          0x00000000001059d4      0x20f binaries/quark_pdat.o
                0x00000000001059d4                get_quark_pdat_entry_data_by_id
                0x0000000000105ad6                get_quark_pdat_entry_data_by_desc
 .text          0x0000000000105be3      0x13f binaries/queue.o
                0x0000000000105be3                enqueue
                0x0000000000105c9d                dequeue
 .text          0x0000000000105d22       0x8c binaries/read.o
                0x0000000000105d22                read
 .text          0x0000000000105dae      0x19c binaries/ready.o
                0x0000000000105de8                ready
 .text          0x0000000000105f4a       0x6f binaries/receive.o
                0x0000000000105f4a                receive
 .text          0x0000000000105fb9       0x6b binaries/recvclr.o
                0x0000000000105fb9                recvclr
 .text          0x0000000000106024       0xd0 binaries/recvtime.o
                0x0000000000106024                recvtime
 .text          0x00000000001060f4      0xd29 binaries/resched.o
                0x000000000010612e                resched
                0x0000000000106d7f                resched_cntl
 .text          0x0000000000106e1d       0xf3 binaries/resume.o
                0x0000000000106e1d                resume
 .text          0x0000000000106f10       0x8a binaries/seek.o
                0x0000000000106f10                seek
 .text          0x0000000000106f9a       0x87 binaries/semcount.o
                0x0000000000106f9a                semcount
 .text          0x0000000000107021      0x100 binaries/semcreate.o
                0x0000000000107021                semcreate
 .text          0x0000000000107121       0xdf binaries/semdelete.o
                0x0000000000107121                semdelete
 .text          0x0000000000107200       0xe3 binaries/semreset.o
                0x0000000000107200                semreset
 .text          0x00000000001072e3       0xef binaries/send.o
                0x00000000001072e3                send
 .text          0x00000000001073d2       0x72 binaries/setuid.o
                0x00000000001073d2                setuid
 .text          0x0000000000107444       0xba binaries/signal.o
                0x0000000000107444                signal
 .text          0x00000000001074fe       0xe8 binaries/signaln.o
                0x00000000001074fe                signaln
 .text          0x00000000001075e6      0x107 binaries/sleep.o
                0x00000000001075e6                sleep
                0x000000000010763e                sleepms
 .text          0x00000000001076ed      0x1a8 binaries/stacktrace.o
                0x00000000001076ed                stacktrace
 .text          0x0000000000107895      0x129 binaries/suspend.o
                0x0000000000107895                suspend
 .text          0x00000000001079be       0xf4 binaries/unsleep.o
                0x00000000001079be                unsleep
 .text          0x0000000000107ab2       0x29 binaries/userret.o
                0x0000000000107ab2                userret
 .text          0x0000000000107adb       0xf0 binaries/wait.o
                0x0000000000107adb                wait
 .text          0x0000000000107bcb       0x98 binaries/wakeup.o
                0x0000000000107bcb                wakeup
 .text          0x0000000000107c63       0x8c binaries/write.o
                0x0000000000107c63                write
 .text          0x0000000000107cef       0x2f binaries/xdone.o
                0x0000000000107cef                xdone
 .text          0x0000000000107d1e       0x37 binaries/yield.o
                0x0000000000107d1e                yield
 .text          0x0000000000107d55       0x1b binaries/abs.o
                0x0000000000107d55                abs
 .text          0x0000000000107d70       0x99 binaries/atoi.o
                0x0000000000107d70                atoi
 .text          0x0000000000107e09       0x99 binaries/atol.o
                0x0000000000107e09                atol
 .text          0x0000000000107ea2       0x3c binaries/bzero.o
                0x0000000000107ea2                bzero
 .text          0x0000000000107ede        0x0 binaries/ctype_.o
 .text          0x0000000000107ede      0x94d binaries/doprnt.o
                0x0000000000107ede                _doprnt
 .text          0x000000000010882b      0x6cb binaries/doscan.o
                0x000000000010882b                _doscan
 .text.__x86.get_pc_thunk.di
                0x0000000000108ef6        0x4 binaries/doscan.o
                0x0000000000108ef6                __x86.get_pc_thunk.di
 .text          0x0000000000108efa      0x76a binaries/fdoprnt.o
                0x0000000000108efa                _fdoprnt
 .text          0x0000000000109664       0x39 binaries/fgetc.o
                0x0000000000109664                fgetc
 .text          0x000000000010969d       0x84 binaries/fgets.o
                0x000000000010969d                fgets
 .text          0x0000000000109721       0x3c binaries/fprintf.o
                0x0000000000109721                fprintf
 .text          0x000000000010975d       0x3c binaries/fputc.o
                0x000000000010975d                fputc
 .text          0x0000000000109799       0x52 binaries/fputs.o
                0x0000000000109799                fputs
 .text          0x00000000001097eb       0xb8 binaries/fscanf.o
                0x00000000001097eb                fscanf
 .text          0x00000000001098a3       0x40 binaries/getchar.o
                0x00000000001098a3                getchar
 .text          0x00000000001098e3       0x1b binaries/labs.o
                0x00000000001098e3                labs
 .text          0x00000000001098fe        0x0 binaries/memchr.o
 .text          0x00000000001098fe       0x5b binaries/memcmp.o
                0x00000000001098fe                memcmp
 .text          0x0000000000109959       0x30 binaries/memcpy.o
                0x0000000000109959                memcpy
 .text          0x0000000000109989       0x3a binaries/memset.o
                0x0000000000109989                memset
 .text          0x00000000001099c3       0x56 binaries/printf.o
                0x00000000001099c3                printf
 .text          0x0000000000109a19       0x43 binaries/putchar.o
                0x0000000000109a19                putchar
 .text          0x0000000000109a5c      0x2b7 binaries/qsort.o
                0x0000000000109a5c                qsort
 .text          0x0000000000109d13       0x81 binaries/rand.o
                0x0000000000109d13                rand
                0x0000000000109d37                rand_r
                0x0000000000109d7b                srand
 .text          0x0000000000109d94       0x82 binaries/sprintf.o
                0x0000000000109d94                sprintf
 .text          0x0000000000109e16       0x98 binaries/sscanf.o
                0x0000000000109e16                sscanf
 .text          0x0000000000109eae       0x46 binaries/strchr.o
                0x0000000000109eae                strchr
 .text          0x0000000000109ef4       0x4f binaries/strcmp.o
                0x0000000000109ef4                strcmp
 .text          0x0000000000109f43       0x31 binaries/strcpy.o
                0x0000000000109f43                strcpy
 .text          0x0000000000109f74       0x30 binaries/strlen.o
                0x0000000000109f74                strlen
 .text          0x0000000000109fa4       0x60 binaries/strncat.o
                0x0000000000109fa4                strncat
 .text          0x000000000010a004       0x68 binaries/strncmp.o
                0x000000000010a004                strncmp
 .text          0x000000000010a06c       0x59 binaries/strncpy.o
                0x000000000010a06c                strncpy
 .text          0x000000000010a0c5       0x38 binaries/strnlen.o
                0x000000000010a0c5                strnlen
 .text          0x000000000010a0fd       0x4f binaries/strrchr.o
                0x000000000010a0fd                strrchr
 .text          0x000000000010a14c       0x78 binaries/strstr.o
                0x000000000010a14c                strstr
 .text          0x000000000010a1c4       0xfb binaries/ttycontrol.o
                0x000000000010a1c4                ttycontrol
 .text          0x000000000010a2bf       0xab binaries/ttygetc.o
                0x000000000010a2bf                ttygetc
 .text          0x000000000010a36a      0x721 binaries/ttyhandle_in.o
                0x000000000010a36a                ttyhandle_in
 .text          0x000000000010aa8b      0x197 binaries/ttyhandle_out.o
                0x000000000010aa8b                ttyhandle_out
 .text          0x000000000010ac22       0xcc binaries/ttyhandler.o
                0x000000000010ac22                ttyhandler
 .text          0x000000000010acee      0x21f binaries/ttyinit.o
                0x000000000010acee                ttyinit
 .text          0x000000000010af0d       0x1a binaries/ttykickout.o
                0x000000000010af0d                ttykickout
 .text          0x000000000010af27       0xc9 binaries/ttyputc.o
                0x000000000010af27                ttyputc
 .text          0x000000000010aff0      0x12d binaries/ttyread.o
                0x000000000010aff0                ttyread
 .text          0x000000000010b11d       0x5c binaries/ttywrite.o
                0x000000000010b11d                ttywrite
 .text          0x000000000010b179      0x174 binaries/mount.o
                0x000000000010b179                mount
                0x000000000010b2ad                namlen
 .text          0x000000000010b2ed      0x220 binaries/naminit.o
                0x000000000010b2ed                naminit
 .text          0x000000000010b50d      0x243 binaries/nammap.o
                0x000000000010b50d                nammap
                0x000000000010b5aa                namrepl
                0x000000000010b6f6                namcpy
 .text          0x000000000010b750       0x5d binaries/namopen.o
                0x000000000010b750                namopen
 .text          0x000000000010b7ad       0xa8 binaries/ethcontrol.o
                0x000000000010b7ad                ethcontrol
 .text          0x000000000010b855      0x1d1 binaries/ethhandler.o
                0x000000000010b855                ethhandler
 .text          0x000000000010ba26      0x797 binaries/ethinit.o
                0x000000000010ba26                eth_phy_read
                0x000000000010ba9a                eth_phy_write
                0x000000000010bb19                eth_phy_reset
                0x000000000010bc6d                ethinit
 .text.__x86.get_pc_thunk.si
                0x000000000010c1bd        0x4 binaries/ethinit.o
                0x000000000010c1bd                __x86.get_pc_thunk.si
 .text          0x000000000010c1c1      0x19c binaries/ethmcast.o
                0x000000000010c1c1                ethmcast_add
                0x000000000010c24e                ethmcast_remove
 .text          0x000000000010c35d      0x222 binaries/ethread.o
                0x000000000010c35d                ethread
 .text          0x000000000010c57f      0x10a binaries/ethwrite.o
                0x000000000010c57f                ethwrite
 .text          0x000000000010c689       0xaf binaries/rdsbufalloc.o
                0x000000000010c689                rdsbufalloc
 .text          0x000000000010c738       0xcf binaries/rdsclose.o
                0x000000000010c738                rdsclose
 .text          0x000000000010c807      0x304 binaries/rdscomm.o
                0x000000000010c807                rdscomm
 .text          0x000000000010cb0b      0x242 binaries/rdscontrol.o
                0x000000000010cb0b                rdscontrol
 .text          0x000000000010cd4d      0x206 binaries/rdsinit.o
                0x000000000010cd4d                rdsinit
 .text          0x000000000010cf53      0x1a4 binaries/rdsopen.o
                0x000000000010cf53                rdsopen
 .text          0x000000000010d0f7      0x471 binaries/rdsprocess.o
                0x000000000010d0f7                rdsprocess
 .text          0x000000000010d568      0x262 binaries/rdsread.o
                0x000000000010d568                rdsread
 .text          0x000000000010d7ca      0x202 binaries/rdswrite.o
                0x000000000010d7ca                rdswrite
 .text          0x000000000010d9cc       0x14 binaries/ramclose.o
                0x000000000010d9cc                ramclose
 .text          0x000000000010d9e0       0x58 binaries/raminit.o
                0x000000000010d9e0                raminit
 .text          0x000000000010da38       0x14 binaries/ramopen.o
                0x000000000010da38                ramopen
 .text          0x000000000010da4c       0x47 binaries/ramread.o
                0x000000000010da4c                ramread
 .text          0x000000000010da93       0x47 binaries/ramwrite.o
                0x000000000010da93                ramwrite
 .text          0x000000000010dada       0xc4 binaries/lfdballoc.o
                0x000000000010dada                lfdballoc
 .text          0x000000000010db9e       0x6c binaries/lfdbfree.o
                0x000000000010db9e                lfdbfree
 .text          0x000000000010dc0a       0xe0 binaries/lfflush.o
                0x000000000010dc0a                lfflush
 .text          0x000000000010dcea       0xe2 binaries/lfgetmode.o
                0x000000000010dcea                lfgetmode
 .text          0x000000000010ddcc       0x92 binaries/lfiballoc.o
                0x000000000010ddcc                lfiballoc
 .text          0x000000000010de5e       0x45 binaries/lfibclear.o
                0x000000000010de5e                lfibclear
 .text          0x000000000010dea3       0xbc binaries/lfibget.o
                0x000000000010dea3                lfibget
 .text          0x000000000010df5f       0xeb binaries/lfibput.o
                0x000000000010df5f                lfibput
 .text          0x000000000010e04a       0xbb binaries/lflclose.o
                0x000000000010e04a                lflclose
 .text          0x000000000010e105       0xef binaries/lflcontrol.o
                0x000000000010e105                lflcontrol
 .text          0x000000000010e1f4      0x104 binaries/lflgetc.o
                0x000000000010e1f4                lflgetc
 .text          0x000000000010e2f8      0x102 binaries/lflinit.o
                0x000000000010e2f8                lflinit
 .text          0x000000000010e3fa      0x13a binaries/lflputc.o
                0x000000000010e3fa                lflputc
 .text          0x000000000010e534       0x7f binaries/lflread.o
                0x000000000010e534                lflread
 .text          0x000000000010e5b3       0xbe binaries/lflseek.o
                0x000000000010e5b3                lflseek
 .text          0x000000000010e671       0x64 binaries/lflwrite.o
                0x000000000010e671                lflwrite
 .text          0x000000000010e6d5       0x6c binaries/lfscheck.o
                0x000000000010e6d5                lfscheck
 .text          0x000000000010e741      0x194 binaries/lfsckfmt.o
                0x000000000010e741                lfsckfmt
 .text          0x000000000010e8d5      0x1be binaries/lfscreate.o
                0x000000000010e8d5                lfscreate
 .text          0x000000000010ea93      0x2a3 binaries/lfsetup.o
                0x000000000010ea93                lfsetup
 .text          0x000000000010ed36       0x81 binaries/lfsinit.o
                0x000000000010ed36                lfsinit
 .text          0x000000000010edb7      0x411 binaries/lfsopen.o
                0x000000000010edb7                lfsopen
 .text          0x000000000010f1c8      0x18a binaries/lftruncate.o
                0x000000000010f1c8                lftruncate
 .text          0x000000000010f352       0x8f binaries/rflclose.o
                0x000000000010f352                rflclose
 .text          0x000000000010f3e1       0x42 binaries/rflgetc.o
                0x000000000010f3e1                rflgetc
 .text          0x000000000010f423       0x86 binaries/rflinit.o
                0x000000000010f423                rflinit
 .text          0x000000000010f4a9       0x43 binaries/rflputc.o
                0x000000000010f4a9                rflputc
 .text          0x000000000010f4ec      0x396 binaries/rflread.o
                0x000000000010f4ec                rflread
 .text          0x000000000010f882       0x92 binaries/rflseek.o
                0x000000000010f882                rflseek
 .text          0x000000000010f914      0x381 binaries/rflwrite.o
                0x000000000010f914                rflwrite
 .text          0x000000000010fc95      0x21d binaries/rfscomm.o
                0x000000000010fc95                rfscomm
 .text          0x000000000010feb2      0x2ae binaries/rfscontrol.o
                0x000000000010feb2                rfscontrol
 .text          0x0000000000110160       0xe2 binaries/rfsgetmode.o
                0x0000000000110160                rfsgetmode
 .text          0x0000000000110242       0xb5 binaries/rfsinit.o
                0x0000000000110242                rfsinit
 .text          0x00000000001102f7      0x122 binaries/rfsndmsg.o
                0x00000000001102f7                rfsndmsg
 .text          0x0000000000110419      0x2e3 binaries/rfsopen.o
                0x0000000000110419                rfsopen
 .text          0x00000000001106fc      0x8e6 binaries/arp.o
                0x00000000001106fc                arp_init
                0x0000000000110742                arp_resolve
                0x0000000000110a30                arp_in
                0x0000000000110d12                arp_alloc
                0x0000000000110df4                arp_ntoh
                0x0000000000110eeb                arp_hton
 .text          0x0000000000110fe2      0x97b binaries/dhcp.o
                0x0000000000110fe2                dhcp_get_opt_val
                0x0000000000111045                dhcp_bld_bootp_msg
                0x000000000011116c                dhcp_bld_disc
                0x000000000011125f                dhcp_bld_req
                0x00000000001113e2                getlocalip
 .text          0x000000000011195d      0x5f4 binaries/dns.o
                0x000000000011195d                dnslookup
 .text          0x0000000000111f51       0xf4 binaries/dot2ip.o
                0x0000000000111f51                dot2ip
 .text          0x0000000000112045      0x528 binaries/hexdump.o
                0x0000000000112045                hexdump
                0x0000000000112213                hexadump
 .text          0x000000000011256d      0x940 binaries/icmp.o
                0x000000000011256d                icmp_init
                0x00000000001125b3                icmp_in
                0x0000000000112794                icmp_register
                0x000000000011289e                icmp_recv
                0x0000000000112a3c                icmp_send
                0x0000000000112ad1                icmp_mkpkt
                0x0000000000112c05                icmp_release
                0x0000000000112d12                icmp_cksum
                0x0000000000112daf                icmp_hton
                0x0000000000112e2e                icmp_ntoh
 .text          0x0000000000112ead      0x96c binaries/ip.o
                0x0000000000112ead                ip_in
                0x0000000000113052                ip_send
                0x00000000001131d4                ip_local
                0x0000000000113235                ip_out
                0x000000000011337d                ipcksum
                0x000000000011340d                ip_ntoh
                0x0000000000113504                ip_hton
                0x00000000001135fb                ipout
                0x0000000000113752                ip_enqueue
 .text          0x0000000000113819      0x33b binaries/net.o
                0x0000000000113819                net_init
                0x000000000011397d                netin
                0x0000000000113a4b                eth_hton
                0x0000000000113a80                eth_ntoh
                0x0000000000113ab5                getport
 .text          0x0000000000113b54     0x15bc binaries/pdump.o
                0x0000000000113b54                pdump
                0x00000000001149ac                pdumph
 .text          0x0000000000115110      0x4ee binaries/tftp.o
                0x0000000000115110                tftp_send1
                0x00000000001152a3                tftpget
 .text          0x00000000001155fe      0xc1c binaries/udp.o
                0x00000000001155fe                udp_init
                0x0000000000115644                udp_in
                0x0000000000115797                udp_register
                0x00000000001158e6                udp_recv
                0x0000000000115a95                udp_recvaddr
                0x0000000000115c5c                udp_send
                0x0000000000115e52                udp_sendto
                0x0000000000116010                udp_release
                0x000000000011611c                udp_ntoh
                0x000000000011619b                udp_hton
 .text          0x000000000011621a      0x148 binaries/addargs.o
                0x000000000011621a                addargs
 .text          0x0000000000116362      0x2d1 binaries/lexan.o
                0x0000000000116362                lexan
 .text          0x0000000000116633      0x6c7 binaries/shell.o
                0x0000000000116633                shell
 .text          0x0000000000116cfa       0x7e binaries/xsh_argecho.o
                0x0000000000116cfa                xsh_argecho
 .text          0x0000000000116d78      0x2cc binaries/xsh_arp.o
                0x0000000000116d78                xsh_arp
 .text          0x0000000000117044      0x27e binaries/xsh_cat.o
                0x0000000000117044                xsh_cat
 .text          0x00000000001172c2       0x73 binaries/xsh_clear.o
                0x00000000001172c2                xsh_clear
 .text          0x0000000000117335      0x32e binaries/xsh_date.o
                0x0000000000117335                xsh_date
 .text          0x0000000000117663       0xc4 binaries/xsh_devdump.o
                0x0000000000117663                xsh_devdump
 .text          0x0000000000117727       0x87 binaries/xsh_echo.o
                0x0000000000117727                xsh_echo
 .text          0x00000000001177ae       0x14 binaries/xsh_exit.o
                0x00000000001177ae                xsh_exit
 .text          0x00000000001177c2       0x66 binaries/xsh_hello.o
                0x00000000001177c2                xsh_hello
 .text          0x0000000000117828      0x3d8 binaries/xsh_help.o
                0x0000000000117828                xsh_help
 .text          0x0000000000117c00      0x261 binaries/xsh_kill.o
                0x0000000000117c00                xsh_kill
 .text          0x0000000000117e61       0x21 binaries/xsh_layout.o
                0x0000000000117e61                xsh_layout
 .text          0x0000000000117e82      0x580 binaries/xsh_memdump.o
                0x0000000000117e82                xsh_memdump
 .text          0x0000000000118402      0x2fa binaries/xsh_memstat.o
                0x0000000000118402                xsh_memstat
 .text          0x00000000001186fc      0x5b9 binaries/xsh_netinfo.o
                0x00000000001186fc                xsh_netinfo
 .text          0x0000000000118cb5      0x4a6 binaries/xsh_ping.o
                0x0000000000118cb5                xsh_ping
 .text          0x000000000011915b      0x266 binaries/xsh_ps.o
                0x000000000011915b                xsh_ps
 .text          0x00000000001193c1      0x23f binaries/xsh_sleep.o
                0x00000000001193c1                xsh_sleep
 .text          0x0000000000119600      0x2c7 binaries/xsh_udpdump.o
                0x0000000000119600                xsh_udpdump
 .text          0x00000000001198c7      0x4ec binaries/xsh_udpecho.o
                0x00000000001198c7                xsh_udpecho
 .text          0x0000000000119db3      0x2cc binaries/xsh_udpserver.o
                0x0000000000119db3                xsh_udpeserver
 .text          0x000000000011a07f      0x21f binaries/xsh_uptime.o
                0x000000000011a07f                xsh_uptime
 .text          0x000000000011a29e        0xe binaries/clkdisp.o
                0x000000000011a29e                clkdisp
 .text          0x000000000011a2ac       0x19 binaries/ctxsw.o
                0x000000000011a2ac                ctxsw
 .text          0x000000000011a2c5      0x30a binaries/intr.o
                0x000000000011a2c5                disable
                0x000000000011a2ce                restore
                0x000000000011a2dc                enable
                0x000000000011a2de                pause
                0x000000000011a2e5                halt
                0x000000000011a2e8                spurious_irq7
                0x000000000011a2ed                spurious_irq15
                0x000000000011a2fc                _Xint0
                0x000000000011a304                _Xint1
                0x000000000011a30c                _Xint2
                0x000000000011a314                _Xint3
                0x000000000011a31c                _Xint4
                0x000000000011a324                _Xint5
                0x000000000011a32f                _Xint6
                0x000000000011a337                _Xint7
                0x000000000011a33f                _Xint8
                0x000000000011a347                _Xint9
                0x000000000011a34f                _Xint10
                0x000000000011a357                _Xint11
                0x000000000011a35f                _Xint12
                0x000000000011a367                _Xint13
                0x000000000011a36f                _Xint14
                0x000000000011a37a                _Xint15
                0x000000000011a385                _Xint16
                0x000000000011a390                _Xint17
                0x000000000011a39b                _Xint18
                0x000000000011a3a6                _Xint19
                0x000000000011a3b1                _Xint20
                0x000000000011a3bc                _Xint21
                0x000000000011a3c7                _Xint22
                0x000000000011a3d2                _Xint23
                0x000000000011a3dd                _Xint24
                0x000000000011a3e8                _Xint25
                0x000000000011a3f3                _Xint26
                0x000000000011a3fe                _Xint27
                0x000000000011a409                _Xint28
                0x000000000011a414                _Xint29
                0x000000000011a41f                _Xint30
                0x000000000011a42a                _Xint31
                0x000000000011a435                _extint
                0x000000000011a449                _Xint32
                0x000000000011a455                _Xint33
                0x000000000011a461                _Xint34
                0x000000000011a46d                _Xint35
                0x000000000011a479                _Xint36
                0x000000000011a485                _Xint37
                0x000000000011a491                _Xint38
                0x000000000011a49d                _Xint39
                0x000000000011a4a9                _Xint40
                0x000000000011a4b5                _Xint41
                0x000000000011a4c4                _Xint42
                0x000000000011a4d3                _Xint43
                0x000000000011a4e2                _Xint44
                0x000000000011a4f1                _Xint45
                0x000000000011a500                _Xint46
                0x000000000011a50f                defevec
 .text          0x000000000011a5cf        0xf binaries/ttydispatch.o
                0x000000000011a5cf                ttydispatch
 .text          0x000000000011a5de       0x13 binaries/ethdispatch.o
                0x000000000011a5de                ethdispatch
 *(.rodata .rodata.*)
 *fill*         0x000000000011a5f1        0x3 
 .rodata        0x000000000011a5f4       0xc2 binaries/ascdate.o
 *fill*         0x000000000011a6b6        0x2 
 .rodata        0x000000000011a6b8       0x34 binaries/bufinit.o
 .rodata        0x000000000011a6ec       0x34 binaries/chgprio.o
 .rodata        0x000000000011a720       0x34 binaries/chnice.o
 .rodata        0x000000000011a754       0x34 binaries/chprio.o
 .rodata        0x000000000011a788       0x34 binaries/clkhandler.o
 .rodata        0x000000000011a7bc       0x34 binaries/clkinit.o
 .rodata        0x000000000011a7f0       0x34 binaries/close.o
 .rodata        0x000000000011a824       0xe2 binaries/conf.o
 *fill*         0x000000000011a906        0x2 
 .rodata        0x000000000011a908       0x34 binaries/control.o
 .rodata        0x000000000011a93c       0x34 binaries/create.o
 .rodata        0x000000000011a970       0xb7 binaries/early_imr.o
 *fill*         0x000000000011aa27        0x1 
 .rodata        0x000000000011aa28      0x265 binaries/evec.o
 *fill*         0x000000000011ac8d        0x3 
 .rodata        0x000000000011ac90       0x34 binaries/exit.o
 .rodata        0x000000000011acc4       0x34 binaries/fix16.o
 *fill*         0x000000000011acf8        0x8 
 .rodata        0x000000000011ad00       0x60 binaries/fix16_str.o
 .rodata        0x000000000011ad60       0x85 binaries/fix16test.o
 *fill*         0x000000000011ade5        0x3 
 .rodata        0x000000000011ade8       0x34 binaries/freebuf.o
 .rodata        0x000000000011ae1c       0x34 binaries/freemem.o
 .rodata        0x000000000011ae50       0x34 binaries/getbuf.o
 .rodata        0x000000000011ae84       0x34 binaries/getc.o
 .rodata        0x000000000011aeb8       0x34 binaries/getdev.o
 .rodata        0x000000000011aeec       0x34 binaries/getitem.o
 .rodata        0x000000000011af20       0x34 binaries/getloadavg.o
 .rodata        0x000000000011af54       0x34 binaries/getmem.o
 .rodata        0x000000000011af88       0x34 binaries/getpid.o
 .rodata        0x000000000011afbc       0x34 binaries/getprio.o
 .rodata        0x000000000011aff0       0x34 binaries/getrecentcpu.o
 .rodata        0x000000000011b024       0x34 binaries/getstk.o
 .rodata        0x000000000011b058       0x34 binaries/getticks.o
 .rodata        0x000000000011b08c       0x34 binaries/gettime.o
 .rodata        0x000000000011b0c0       0x95 binaries/getutime.o
 *fill*         0x000000000011b155        0x3 
 .rodata        0x000000000011b158       0x4f binaries/hello.o
 *fill*         0x000000000011b1a7        0x1 
 .rodata        0x000000000011b1a8       0x34 binaries/init.o
 .rodata        0x000000000011b1dc      0x1bb binaries/initialize.o
 *fill*         0x000000000011b397        0x1 
 .rodata        0x000000000011b398       0x34 binaries/insert.o
 .rodata        0x000000000011b3cc       0x34 binaries/insertd.o
 .rodata        0x000000000011b400       0x34 binaries/ioerr.o
 .rodata        0x000000000011b434       0x34 binaries/ionull.o
 .rodata        0x000000000011b468       0x54 binaries/kill.o
 .rodata        0x000000000011b4bc       0x34 binaries/kprintf.o
 .rodata        0x000000000011b4f0       0x5e binaries/main.o
 *fill*         0x000000000011b54e        0x2 
 .rodata        0x000000000011b550       0x34 binaries/mark.o
 .rodata        0x000000000011b584       0x72 binaries/meminit.o
 *fill*         0x000000000011b5f6        0x2 
 .rodata        0x000000000011b5f8       0x34 binaries/mkbufpool.o
 .rodata        0x000000000011b62c       0x34 binaries/newqueue.o
 .rodata        0x000000000011b660       0x34 binaries/open.o
 .rodata        0x000000000011b694       0x43 binaries/panic.o
 *fill*         0x000000000011b6d7        0x1 
 .rodata        0x000000000011b6d8       0x54 binaries/pci.o
 .rodata        0x000000000011b72c       0x34 binaries/platinit.o
 .rodata        0x000000000011b760       0x34 binaries/ptclear.o
 .rodata        0x000000000011b794       0x34 binaries/ptcount.o
 .rodata        0x000000000011b7c8       0x34 binaries/ptcreate.o
 .rodata        0x000000000011b7fc       0x34 binaries/ptdelete.o
 .rodata        0x000000000011b830       0x51 binaries/ptinit.o
 *fill*         0x000000000011b881        0x3 
 .rodata        0x000000000011b884       0x34 binaries/ptrecv.o
 .rodata        0x000000000011b8b8       0x34 binaries/ptreset.o
 .rodata        0x000000000011b8ec       0x59 binaries/ptsend.o
 *fill*         0x000000000011b945        0x3 
 .rodata        0x000000000011b948       0x34 binaries/putc.o
 .rodata        0x000000000011b97c       0x34 binaries/quark_irq.o
 .rodata        0x000000000011b9b0       0x56 binaries/quark_pdat.o
 *fill*         0x000000000011ba06        0x2 
 .rodata        0x000000000011ba08       0x34 binaries/queue.o
 .rodata        0x000000000011ba3c       0x34 binaries/read.o
 .rodata        0x000000000011ba70       0x34 binaries/ready.o
 .rodata        0x000000000011baa4       0x34 binaries/receive.o
 .rodata        0x000000000011bad8       0x34 binaries/recvclr.o
 .rodata        0x000000000011bb0c       0x34 binaries/recvtime.o
 .rodata        0x000000000011bb40       0x34 binaries/resched.o
 .rodata        0x000000000011bb74       0x34 binaries/resume.o
 .rodata        0x000000000011bba8       0x34 binaries/seek.o
 .rodata        0x000000000011bbdc       0x34 binaries/semcount.o
 .rodata        0x000000000011bc10       0x34 binaries/semcreate.o
 .rodata        0x000000000011bc44       0x34 binaries/semdelete.o
 .rodata        0x000000000011bc78       0x34 binaries/semreset.o
 .rodata        0x000000000011bcac       0x34 binaries/send.o
 .rodata        0x000000000011bce0       0x34 binaries/setuid.o
 .rodata        0x000000000011bd14       0x34 binaries/signal.o
 .rodata        0x000000000011bd48       0x34 binaries/signaln.o
 .rodata        0x000000000011bd7c       0x34 binaries/sleep.o
 .rodata        0x000000000011bdb0       0xeb binaries/stacktrace.o
 *fill*         0x000000000011be9b        0x1 
 .rodata        0x000000000011be9c       0x34 binaries/suspend.o
 .rodata        0x000000000011bed0       0x34 binaries/unsleep.o
 .rodata        0x000000000011bf04       0x34 binaries/userret.o
 .rodata        0x000000000011bf38       0x34 binaries/wait.o
 .rodata        0x000000000011bf6c       0x34 binaries/wakeup.o
 .rodata        0x000000000011bfa0       0x34 binaries/write.o
 .rodata        0x000000000011bfd4       0x5b binaries/xdone.o
 *fill*         0x000000000011c02f        0x1 
 .rodata        0x000000000011c030       0x34 binaries/yield.o
 *fill*         0x000000000011c064       0x1c 
 .rodata        0x000000000011c080       0x81 binaries/ctype_.o
                0x000000000011c080                _ctype_
 *fill*         0x000000000011c101        0x3 
 .rodata        0x000000000011c104       0xee binaries/doprnt.o
 *fill*         0x000000000011c1f2        0x2 
 .rodata        0x000000000011c1f4       0x98 binaries/doscan.o
 .rodata        0x000000000011c28c       0xae binaries/fdoprnt.o
 *fill*         0x000000000011c33a        0x2 
 .rodata        0x000000000011c33c       0x34 binaries/fprintf.o
 .rodata        0x000000000011c370       0x34 binaries/getchar.o
 .rodata        0x000000000011c3a4       0x34 binaries/printf.o
 .rodata        0x000000000011c3d8       0x34 binaries/putchar.o
 .rodata        0x000000000011c40c       0x54 binaries/ttycontrol.o
 .rodata        0x000000000011c460       0x34 binaries/ttygetc.o
 .rodata        0x000000000011c494       0x34 binaries/ttyhandle_in.o
 .rodata        0x000000000011c4c8       0x34 binaries/ttyhandle_out.o
 .rodata        0x000000000011c4fc       0x68 binaries/ttyhandler.o
 .rodata        0x000000000011c564       0x34 binaries/ttyinit.o
 .rodata        0x000000000011c598       0x34 binaries/ttykickout.o
 .rodata        0x000000000011c5cc       0x34 binaries/ttyputc.o
 .rodata        0x000000000011c600       0x34 binaries/ttyread.o
 .rodata        0x000000000011c634       0x34 binaries/ttywrite.o
 .rodata        0x000000000011c668       0x34 binaries/mount.o
 .rodata        0x000000000011c69c       0xb4 binaries/naminit.o
 .rodata        0x000000000011c750       0x34 binaries/nammap.o
 .rodata        0x000000000011c784       0x34 binaries/namopen.o
 .rodata        0x000000000011c7b8       0x34 binaries/ethcontrol.o
 .rodata        0x000000000011c7ec       0x34 binaries/ethhandler.o
 .rodata        0x000000000011c820       0x7a binaries/ethinit.o
 *fill*         0x000000000011c89a        0x2 
 .rodata        0x000000000011c89c       0x34 binaries/ethmcast.o
 .rodata        0x000000000011c8d0       0x34 binaries/ethread.o
 .rodata        0x000000000011c904       0x34 binaries/ethwrite.o
 .rodata        0x000000000011c938       0x60 binaries/rdsbufalloc.o
 .rodata        0x000000000011c998       0x34 binaries/rdsclose.o
 .rodata        0x000000000011c9cc       0xaa binaries/rdscomm.o
 *fill*         0x000000000011ca76        0x2 
 .rodata        0x000000000011ca78       0x7c binaries/rdscontrol.o
 .rodata        0x000000000011caf4       0xca binaries/rdsinit.o
 *fill*         0x000000000011cbbe        0x2 
 .rodata        0x000000000011cbc0       0x56 binaries/rdsopen.o
 *fill*         0x000000000011cc16        0x2 
 .rodata        0x000000000011cc18       0x81 binaries/rdsprocess.o
 *fill*         0x000000000011cc99        0x3 
 .rodata        0x000000000011cc9c       0x34 binaries/rdsread.o
 .rodata        0x000000000011ccd0       0x34 binaries/rdswrite.o
 .rodata        0x000000000011cd04       0x34 binaries/ramclose.o
 .rodata        0x000000000011cd38       0x3d binaries/raminit.o
 *fill*         0x000000000011cd75        0x3 
 .rodata        0x000000000011cd78       0x34 binaries/ramopen.o
 .rodata        0x000000000011cdac       0x34 binaries/ramread.o
 .rodata        0x000000000011cde0       0x34 binaries/ramwrite.o
 .rodata        0x000000000011ce14       0x6b binaries/lfdballoc.o
 *fill*         0x000000000011ce7f        0x1 
 .rodata        0x000000000011ce80       0x34 binaries/lfdbfree.o
 .rodata        0x000000000011ceb4       0x34 binaries/lfflush.o
 .rodata        0x000000000011cee8       0x34 binaries/lfgetmode.o
 .rodata        0x000000000011cf1c       0x48 binaries/lfiballoc.o
 .rodata        0x000000000011cf64       0x34 binaries/lfibclear.o
 .rodata        0x000000000011cf98       0x34 binaries/lfibget.o
 .rodata        0x000000000011cfcc       0x34 binaries/lfibput.o
 .rodata        0x000000000011d000       0x34 binaries/lflclose.o
 .rodata        0x000000000011d034       0x57 binaries/lflcontrol.o
 *fill*         0x000000000011d08b        0x1 
 .rodata        0x000000000011d08c       0x34 binaries/lflgetc.o
 .rodata        0x000000000011d0c0       0x34 binaries/lflinit.o
 .rodata        0x000000000011d0f4       0x34 binaries/lflputc.o
 .rodata        0x000000000011d128       0x34 binaries/lflread.o
 .rodata        0x000000000011d15c       0x34 binaries/lflseek.o
 .rodata        0x000000000011d190       0x34 binaries/lflwrite.o
 .rodata        0x000000000011d1c4       0x34 binaries/lfscheck.o
 .rodata        0x000000000011d1f8      0x14f binaries/lfsckfmt.o
 *fill*         0x000000000011d347        0x1 
 .rodata        0x000000000011d348       0x34 binaries/lfscreate.o
 .rodata        0x000000000011d37c       0x34 binaries/lfsetup.o
 .rodata        0x000000000011d3b0       0x34 binaries/lfsinit.o
 .rodata        0x000000000011d3e4       0x5e binaries/lfsopen.o
 *fill*         0x000000000011d442        0x2 
 .rodata        0x000000000011d444       0x34 binaries/lftruncate.o
 .rodata        0x000000000011d478       0x34 binaries/rflclose.o
 .rodata        0x000000000011d4ac       0x34 binaries/rflgetc.o
 .rodata        0x000000000011d4e0       0x34 binaries/rflinit.o
 .rodata        0x000000000011d514       0x34 binaries/rflputc.o
 .rodata        0x000000000011d548       0x55 binaries/rflread.o
 *fill*         0x000000000011d59d        0x3 
 .rodata        0x000000000011d5a0       0x34 binaries/rflseek.o
 .rodata        0x000000000011d5d4       0x55 binaries/rflwrite.o
 *fill*         0x000000000011d629        0x3 
 .rodata        0x000000000011d62c       0xa9 binaries/rfscomm.o
 *fill*         0x000000000011d6d5        0x3 
 .rodata        0x000000000011d6d8       0x70 binaries/rfscontrol.o
 .rodata        0x000000000011d748       0x34 binaries/rfsgetmode.o
 .rodata        0x000000000011d77c       0x97 binaries/rfsinit.o
 *fill*         0x000000000011d813        0x1 
 .rodata        0x000000000011d814       0x5e binaries/rfsndmsg.o
 *fill*         0x000000000011d872        0x2 
 .rodata        0x000000000011d874       0x56 binaries/rfsopen.o
 *fill*         0x000000000011d8ca        0x2 
 .rodata        0x000000000011d8cc       0x6e binaries/arp.o
 *fill*         0x000000000011d93a        0x2 
 .rodata        0x000000000011d93c      0x103 binaries/dhcp.o
 *fill*         0x000000000011da3f        0x1 
 .rodata        0x000000000011da40       0x4e binaries/dns.o
 *fill*         0x000000000011da8e        0x2 
 .rodata        0x000000000011da90       0x34 binaries/dot2ip.o
 .rodata        0x000000000011dac4       0xfd binaries/hexdump.o
 *fill*         0x000000000011dbc1        0x3 
 .rodata        0x000000000011dbc4       0x5d binaries/icmp.o
 *fill*         0x000000000011dc21        0x3 
 .rodata        0x000000000011dc24       0xa2 binaries/ip.o
 *fill*         0x000000000011dcc6        0x2 
 .rodata        0x000000000011dcc8       0x83 binaries/net.o
 *fill*         0x000000000011dd4b        0x1 
 .rodata        0x000000000011dd4c      0x2a3 binaries/pdump.o
 *fill*         0x000000000011dfef        0x1 
 .rodata        0x000000000011dff0      0x140 binaries/tftp.o
 .rodata        0x000000000011e130       0x34 binaries/udp.o
 .rodata        0x000000000011e164       0x34 binaries/addargs.o
 .rodata        0x000000000011e198       0x34 binaries/lexan.o
 .rodata        0x000000000011e1cc      0x301 binaries/shell.o
 *fill*         0x000000000011e4cd        0x3 
 .rodata        0x000000000011e4d0       0x5c binaries/xsh_argecho.o
 .rodata        0x000000000011e52c      0x157 binaries/xsh_arp.o
 *fill*         0x000000000011e683        0x1 
 .rodata        0x000000000011e684       0xfd binaries/xsh_cat.o
 *fill*         0x000000000011e781        0x3 
 .rodata        0x000000000011e784       0x4d binaries/xsh_clear.o
 *fill*         0x000000000011e7d1        0x3 
 .rodata        0x000000000011e7d4      0x1f7 binaries/xsh_date.o
 *fill*         0x000000000011e9cb        0x1 
 .rodata        0x000000000011e9cc       0x91 binaries/xsh_devdump.o
 *fill*         0x000000000011ea5d        0x3 
 .rodata        0x000000000011ea60       0x3d binaries/xsh_echo.o
 *fill*         0x000000000011ea9d        0x3 
 .rodata        0x000000000011eaa0       0x34 binaries/xsh_exit.o
 .rodata        0x000000000011ead4       0x40 binaries/xsh_hello.o
 .rodata        0x000000000011eb14      0x19d binaries/xsh_help.o
 *fill*         0x000000000011ecb1        0x3 
 .rodata        0x000000000011ecb4      0x162 binaries/xsh_kill.o
 *fill*         0x000000000011ee16        0x2 
 .rodata        0x000000000011ee18       0x34 binaries/xsh_layout.o
 .rodata        0x000000000011ee4c      0x29a binaries/xsh_memdump.o
 *fill*         0x000000000011f0e6        0x2 
 .rodata        0x000000000011f0e8      0x259 binaries/xsh_memstat.o
 *fill*         0x000000000011f341        0x3 
 .rodata        0x000000000011f344      0x1e4 binaries/xsh_netinfo.o
 .rodata        0x000000000011f528      0x1d5 binaries/xsh_ping.o
 *fill*         0x000000000011f6fd        0x3 
 .rodata        0x000000000011f700      0x1dc binaries/xsh_ps.o
 .rodata        0x000000000011f8dc      0x11f binaries/xsh_sleep.o
 *fill*         0x000000000011f9fb        0x1 
 .rodata        0x000000000011f9fc      0x1ec binaries/xsh_udpdump.o
 .rodata        0x000000000011fbe8      0x249 binaries/xsh_udpecho.o
 *fill*         0x000000000011fe31        0x3 
 .rodata        0x000000000011fe34      0x15f binaries/xsh_udpserver.o
 *fill*         0x000000000011ff93        0x1 
 .rodata        0x000000000011ff94      0x139 binaries/xsh_uptime.o
                0x00000000001200cd                etext = ABSOLUTE (.)
                0x0000000000121000                . = ALIGN (0x1000)
 *fill*         0x00000000001200cd      0xf33 

.eh_frame       0x0000000000121000     0x35f8
 .eh_frame      0x0000000000121000       0x50 binaries/ascdate.o
 .eh_frame      0x0000000000121050       0x34 binaries/bufinit.o
                                         0x4c (size before relaxing)
 .eh_frame      0x0000000000121084       0x38 binaries/chgprio.o
                                         0x50 (size before relaxing)
 .eh_frame      0x00000000001210bc       0xb0 binaries/chnice.o
                                         0xf0 (size before relaxing)
 .eh_frame      0x000000000012116c       0x24 binaries/chprio.o
                                         0x50 (size before relaxing)
 .eh_frame      0x0000000000121190       0xb0 binaries/clkhandler.o
                                         0xf0 (size before relaxing)
 .eh_frame      0x0000000000121240       0x24 binaries/clkinit.o
                                         0x50 (size before relaxing)
 .eh_frame      0x0000000000121264       0x24 binaries/close.o
                                         0x50 (size before relaxing)
 .eh_frame      0x0000000000121288       0x24 binaries/control.o
                                         0x50 (size before relaxing)
 .eh_frame      0x00000000001212ac       0x48 binaries/create.o
                                         0x88 (size before relaxing)
 .eh_frame      0x00000000001212f4      0x114 binaries/early_imr.o
                                        0x154 (size before relaxing)
 .eh_frame      0x0000000000121408      0x104 binaries/evec.o
                                        0x144 (size before relaxing)
 .eh_frame      0x000000000012150c       0x24 binaries/exit.o
                                         0x50 (size before relaxing)
 .eh_frame      0x0000000000121530      0x234 binaries/fix16.o
                                        0x260 (size before relaxing)
 .eh_frame      0x0000000000121764       0x68 binaries/fix16_str.o
                                         0xbc (size before relaxing)
 .eh_frame      0x00000000001217cc       0x4c binaries/fix16test.o
                                         0x8c (size before relaxing)
 .eh_frame      0x0000000000121818       0x24 binaries/freebuf.o
                                         0x50 (size before relaxing)
 .eh_frame      0x000000000012183c       0x24 binaries/freemem.o
                                         0x50 (size before relaxing)
 .eh_frame      0x0000000000121860       0x24 binaries/getbuf.o
                                         0x50 (size before relaxing)
 .eh_frame      0x0000000000121884       0x24 binaries/getc.o
                                         0x50 (size before relaxing)
 .eh_frame      0x00000000001218a8       0x24 binaries/getdev.o
                                         0x50 (size before relaxing)
 .eh_frame      0x00000000001218cc       0x64 binaries/getitem.o
                                         0xa4 (size before relaxing)
 .eh_frame      0x0000000000121930       0x24 binaries/getloadavg.o
                                         0x50 (size before relaxing)
 .eh_frame      0x0000000000121954       0x24 binaries/getmem.o
                                         0x50 (size before relaxing)
 .eh_frame      0x0000000000121978       0x20 binaries/getpid.o
                                         0x4c (size before relaxing)
 .eh_frame      0x0000000000121998       0x24 binaries/getprio.o
                                         0x50 (size before relaxing)
 .eh_frame      0x00000000001219bc       0x24 binaries/getrecentcpu.o
                                         0x50 (size before relaxing)
 .eh_frame      0x00000000001219e0       0x24 binaries/getstk.o
                                         0x50 (size before relaxing)
 .eh_frame      0x0000000000121a04       0x20 binaries/getticks.o
                                         0x4c (size before relaxing)
 .eh_frame      0x0000000000121a24       0x24 binaries/gettime.o
                                         0x50 (size before relaxing)
 .eh_frame      0x0000000000121a48       0x24 binaries/getutime.o
                                         0x50 (size before relaxing)
 .eh_frame      0x0000000000121a6c       0x24 binaries/hello.o
                                         0x50 (size before relaxing)
 .eh_frame      0x0000000000121a90       0x24 binaries/init.o
                                         0x50 (size before relaxing)
 .eh_frame      0x0000000000121ab4       0xa8 binaries/initialize.o
                                         0xe8 (size before relaxing)
 .eh_frame      0x0000000000121b5c       0x24 binaries/insert.o
                                         0x50 (size before relaxing)
 .eh_frame      0x0000000000121b80       0x28 binaries/insertd.o
                                         0x54 (size before relaxing)
 .eh_frame      0x0000000000121ba8       0x20 binaries/ioerr.o
                                         0x4c (size before relaxing)
 .eh_frame      0x0000000000121bc8       0x20 binaries/ionull.o
                                         0x4c (size before relaxing)
 .eh_frame      0x0000000000121be8       0x2c binaries/kill.o
                                         0x58 (size before relaxing)
 .eh_frame      0x0000000000121c14       0x6c binaries/kprintf.o
                                         0xac (size before relaxing)
 .eh_frame      0x0000000000121c80       0x28 binaries/main.o
                                         0x54 (size before relaxing)
 .eh_frame      0x0000000000121ca8       0x48 binaries/mark.o
                                         0x74 (size before relaxing)
 .eh_frame      0x0000000000121cf0       0x54 binaries/meminit.o
                                         0x94 (size before relaxing)
 .eh_frame      0x0000000000121d44       0x24 binaries/mkbufpool.o
                                         0x50 (size before relaxing)
 .eh_frame      0x0000000000121d68       0x24 binaries/newqueue.o
                                         0x50 (size before relaxing)
 .eh_frame      0x0000000000121d8c       0x24 binaries/open.o
                                         0x50 (size before relaxing)
 .eh_frame      0x0000000000121db0       0x1c binaries/panic.o
                                         0x48 (size before relaxing)
 .eh_frame      0x0000000000121dcc      0x1e4 binaries/pci.o
                                        0x224 (size before relaxing)
 .eh_frame      0x0000000000121fb0       0x6c binaries/platinit.o
                                         0xac (size before relaxing)
 .eh_frame      0x000000000012201c       0x24 binaries/ptclear.o
                                         0x50 (size before relaxing)
 .eh_frame      0x0000000000122040       0x24 binaries/ptcount.o
                                         0x50 (size before relaxing)
 .eh_frame      0x0000000000122064       0x24 binaries/ptcreate.o
                                         0x50 (size before relaxing)
 .eh_frame      0x0000000000122088       0x24 binaries/ptdelete.o
                                         0x50 (size before relaxing)
 .eh_frame      0x00000000001220ac       0x24 binaries/ptinit.o
                                         0x50 (size before relaxing)
 .eh_frame      0x00000000001220d0       0x24 binaries/ptrecv.o
                                         0x50 (size before relaxing)
 .eh_frame      0x00000000001220f4       0x24 binaries/ptreset.o
                                         0x50 (size before relaxing)
 .eh_frame      0x0000000000122118       0x24 binaries/ptsend.o
                                         0x50 (size before relaxing)
 .eh_frame      0x000000000012213c       0x24 binaries/putc.o
                                         0x50 (size before relaxing)
 .eh_frame      0x0000000000122160       0x24 binaries/quark_irq.o
                                         0x50 (size before relaxing)
 .eh_frame      0x0000000000122184       0x48 binaries/quark_pdat.o
                                         0x74 (size before relaxing)
 .eh_frame      0x00000000001221cc       0x48 binaries/queue.o
                                         0x88 (size before relaxing)
 .eh_frame      0x0000000000122214       0x24 binaries/read.o
                                         0x50 (size before relaxing)
 .eh_frame      0x0000000000122238       0x70 binaries/ready.o
                                         0xb0 (size before relaxing)
 .eh_frame      0x00000000001222a8       0x24 binaries/receive.o
                                         0x50 (size before relaxing)
 .eh_frame      0x00000000001222cc       0x24 binaries/recvclr.o
                                         0x50 (size before relaxing)
 .eh_frame      0x00000000001222f0       0x24 binaries/recvtime.o
                                         0x50 (size before relaxing)
 .eh_frame      0x0000000000122314       0x94 binaries/resched.o
                                         0xd4 (size before relaxing)
 .eh_frame      0x00000000001223a8       0x24 binaries/resume.o
                                         0x50 (size before relaxing)
 .eh_frame      0x00000000001223cc       0x24 binaries/seek.o
                                         0x50 (size before relaxing)
 .eh_frame      0x00000000001223f0       0x24 binaries/semcount.o
                                         0x50 (size before relaxing)
 .eh_frame      0x0000000000122414       0x48 binaries/semcreate.o
                                         0x88 (size before relaxing)
 .eh_frame      0x000000000012245c       0x24 binaries/semdelete.o
                                         0x50 (size before relaxing)
 .eh_frame      0x0000000000122480       0x24 binaries/semreset.o
                                         0x50 (size before relaxing)
 .eh_frame      0x00000000001224a4       0x24 binaries/send.o
                                         0x50 (size before relaxing)
 .eh_frame      0x00000000001224c8       0x24 binaries/setuid.o
                                         0x50 (size before relaxing)
 .eh_frame      0x00000000001224ec       0x24 binaries/signal.o
                                         0x50 (size before relaxing)
 .eh_frame      0x0000000000122510       0x24 binaries/signaln.o
                                         0x50 (size before relaxing)
 .eh_frame      0x0000000000122534       0x44 binaries/sleep.o
                                         0x84 (size before relaxing)
 .eh_frame      0x0000000000122578       0x24 binaries/stacktrace.o
                                         0x50 (size before relaxing)
 .eh_frame      0x000000000012259c       0x24 binaries/suspend.o
                                         0x50 (size before relaxing)
 .eh_frame      0x00000000001225c0       0x24 binaries/unsleep.o
                                         0x50 (size before relaxing)
 .eh_frame      0x00000000001225e4       0x24 binaries/userret.o
                                         0x50 (size before relaxing)
 .eh_frame      0x0000000000122608       0x24 binaries/wait.o
                                         0x50 (size before relaxing)
 .eh_frame      0x000000000012262c       0x24 binaries/wakeup.o
                                         0x50 (size before relaxing)
 .eh_frame      0x0000000000122650       0x24 binaries/write.o
                                         0x50 (size before relaxing)
 .eh_frame      0x0000000000122674       0x24 binaries/xdone.o
                                         0x50 (size before relaxing)
 .eh_frame      0x0000000000122698       0x24 binaries/yield.o
                                         0x50 (size before relaxing)
 .eh_frame      0x00000000001226bc       0x20 binaries/abs.o
                                         0x4c (size before relaxing)
 .eh_frame      0x00000000001226dc       0x20 binaries/atoi.o
                                         0x4c (size before relaxing)
 .eh_frame      0x00000000001226fc       0x20 binaries/atol.o
                                         0x4c (size before relaxing)
 .eh_frame      0x000000000012271c       0x20 binaries/bzero.o
                                         0x4c (size before relaxing)
 .eh_frame      0x000000000012273c       0xec binaries/doprnt.o
                                        0x140 (size before relaxing)
 .eh_frame      0x0000000000122828       0xc8 binaries/doscan.o
                                         0xf4 (size before relaxing)
 .eh_frame      0x00000000001228f0       0xcc binaries/fdoprnt.o
                                        0x10c (size before relaxing)
 .eh_frame      0x00000000001229bc       0x24 binaries/fgetc.o
                                         0x50 (size before relaxing)
 .eh_frame      0x00000000001229e0       0x24 binaries/fgets.o
                                         0x50 (size before relaxing)
 .eh_frame      0x0000000000122a04       0x24 binaries/fprintf.o
                                         0x50 (size before relaxing)
 .eh_frame      0x0000000000122a28       0x24 binaries/fputc.o
                                         0x50 (size before relaxing)
 .eh_frame      0x0000000000122a4c       0x24 binaries/fputs.o
                                         0x50 (size before relaxing)
 .eh_frame      0x0000000000122a70       0x68 binaries/fscanf.o
                                         0x94 (size before relaxing)
 .eh_frame      0x0000000000122ad8       0x24 binaries/getchar.o
                                         0x50 (size before relaxing)
 .eh_frame      0x0000000000122afc       0x20 binaries/labs.o
                                         0x4c (size before relaxing)
 .eh_frame      0x0000000000122b1c       0x20 binaries/memcmp.o
                                         0x4c (size before relaxing)
 .eh_frame      0x0000000000122b3c       0x28 binaries/memcpy.o
                                         0x54 (size before relaxing)
 .eh_frame      0x0000000000122b64       0x24 binaries/memset.o
                                         0x50 (size before relaxing)
 .eh_frame      0x0000000000122b88       0x24 binaries/printf.o
                                         0x50 (size before relaxing)
 .eh_frame      0x0000000000122bac       0x24 binaries/putchar.o
                                         0x50 (size before relaxing)
 .eh_frame      0x0000000000122bd0       0xa4 binaries/qsort.o
                                         0xd0 (size before relaxing)
 .eh_frame      0x0000000000122c74       0x60 binaries/rand.o
                                         0x8c (size before relaxing)
 .eh_frame      0x0000000000122cd4       0x44 binaries/sprintf.o
                                         0x70 (size before relaxing)
 .eh_frame      0x0000000000122d18       0x64 binaries/sscanf.o
                                         0x90 (size before relaxing)
 .eh_frame      0x0000000000122d7c       0x20 binaries/strchr.o
                                         0x4c (size before relaxing)
 .eh_frame      0x0000000000122d9c       0x20 binaries/strcmp.o
                                         0x4c (size before relaxing)
 .eh_frame      0x0000000000122dbc       0x20 binaries/strcpy.o
                                         0x4c (size before relaxing)
 .eh_frame      0x0000000000122ddc       0x20 binaries/strlen.o
                                         0x4c (size before relaxing)
 .eh_frame      0x0000000000122dfc       0x20 binaries/strncat.o
                                         0x4c (size before relaxing)
 .eh_frame      0x0000000000122e1c       0x20 binaries/strncmp.o
                                         0x4c (size before relaxing)
 .eh_frame      0x0000000000122e3c       0x28 binaries/strncpy.o
                                         0x54 (size before relaxing)
 .eh_frame      0x0000000000122e64       0x20 binaries/strnlen.o
                                         0x4c (size before relaxing)
 .eh_frame      0x0000000000122e84       0x20 binaries/strrchr.o
                                         0x4c (size before relaxing)
 .eh_frame      0x0000000000122ea4       0x20 binaries/strstr.o
                                         0x4c (size before relaxing)
 .eh_frame      0x0000000000122ec4       0x24 binaries/ttycontrol.o
                                         0x50 (size before relaxing)
 .eh_frame      0x0000000000122ee8       0x24 binaries/ttygetc.o
                                         0x50 (size before relaxing)
 .eh_frame      0x0000000000122f0c       0x88 binaries/ttyhandle_in.o
                                         0xdc (size before relaxing)
 .eh_frame      0x0000000000122f94       0x24 binaries/ttyhandle_out.o
                                         0x50 (size before relaxing)
 .eh_frame      0x0000000000122fb8       0x24 binaries/ttyhandler.o
                                         0x50 (size before relaxing)
 .eh_frame      0x0000000000122fdc       0x24 binaries/ttyinit.o
                                         0x50 (size before relaxing)
 .eh_frame      0x0000000000123000       0x20 binaries/ttykickout.o
                                         0x4c (size before relaxing)
 .eh_frame      0x0000000000123020       0x24 binaries/ttyputc.o
                                         0x50 (size before relaxing)
 .eh_frame      0x0000000000123044       0x24 binaries/ttyread.o
                                         0x50 (size before relaxing)
 .eh_frame      0x0000000000123068       0x24 binaries/ttywrite.o
                                         0x50 (size before relaxing)
 .eh_frame      0x000000000012308c       0x44 binaries/mount.o
                                         0x84 (size before relaxing)
 .eh_frame      0x00000000001230d0       0x24 binaries/naminit.o
                                         0x50 (size before relaxing)
 .eh_frame      0x00000000001230f4       0x68 binaries/nammap.o
                                         0xa8 (size before relaxing)
 .eh_frame      0x000000000012315c       0x24 binaries/namopen.o
                                         0x50 (size before relaxing)
 .eh_frame      0x0000000000123180       0x24 binaries/ethcontrol.o
                                         0x50 (size before relaxing)
 .eh_frame      0x00000000001231a4       0x24 binaries/ethhandler.o
                                         0x50 (size before relaxing)
 .eh_frame      0x00000000001231c8       0xb8 binaries/ethinit.o
                                         0xf8 (size before relaxing)
 .eh_frame      0x0000000000123280       0x48 binaries/ethmcast.o
                                         0x88 (size before relaxing)
 .eh_frame      0x00000000001232c8       0x24 binaries/ethread.o
                                         0x50 (size before relaxing)
 .eh_frame      0x00000000001232ec       0x24 binaries/ethwrite.o
                                         0x50 (size before relaxing)
 .eh_frame      0x0000000000123310       0x24 binaries/rdsbufalloc.o
                                         0x50 (size before relaxing)
 .eh_frame      0x0000000000123334       0x20 binaries/rdsclose.o
                                         0x4c (size before relaxing)
 .eh_frame      0x0000000000123354       0x24 binaries/rdscomm.o
                                         0x50 (size before relaxing)
 .eh_frame      0x0000000000123378       0x24 binaries/rdscontrol.o
                                         0x50 (size before relaxing)
 .eh_frame      0x000000000012339c       0x24 binaries/rdsinit.o
                                         0x50 (size before relaxing)
 .eh_frame      0x00000000001233c0       0x24 binaries/rdsopen.o
                                         0x50 (size before relaxing)
 .eh_frame      0x00000000001233e4       0x1c binaries/rdsprocess.o
                                         0x48 (size before relaxing)
 .eh_frame      0x0000000000123400       0x24 binaries/rdsread.o
                                         0x50 (size before relaxing)
 .eh_frame      0x0000000000123424       0x24 binaries/rdswrite.o
                                         0x50 (size before relaxing)
 .eh_frame      0x0000000000123448       0x20 binaries/ramclose.o
                                         0x4c (size before relaxing)
 .eh_frame      0x0000000000123468       0x24 binaries/raminit.o
                                         0x50 (size before relaxing)
 .eh_frame      0x000000000012348c       0x20 binaries/ramopen.o
                                         0x4c (size before relaxing)
 .eh_frame      0x00000000001234ac       0x24 binaries/ramread.o
                                         0x50 (size before relaxing)
 .eh_frame      0x00000000001234d0       0x24 binaries/ramwrite.o
                                         0x50 (size before relaxing)
 .eh_frame      0x00000000001234f4       0x24 binaries/lfdballoc.o
                                         0x50 (size before relaxing)
 .eh_frame      0x0000000000123518       0x24 binaries/lfdbfree.o
                                         0x50 (size before relaxing)
 .eh_frame      0x000000000012353c       0x24 binaries/lfflush.o
                                         0x50 (size before relaxing)
 .eh_frame      0x0000000000123560       0x20 binaries/lfgetmode.o
                                         0x4c (size before relaxing)
 .eh_frame      0x0000000000123580       0x24 binaries/lfiballoc.o
                                         0x50 (size before relaxing)
 .eh_frame      0x00000000001235a4       0x20 binaries/lfibclear.o
                                         0x4c (size before relaxing)
 .eh_frame      0x00000000001235c4       0x24 binaries/lfibget.o
                                         0x50 (size before relaxing)
 .eh_frame      0x00000000001235e8       0x24 binaries/lfibput.o
                                         0x50 (size before relaxing)
 .eh_frame      0x000000000012360c       0x24 binaries/lflclose.o
                                         0x50 (size before relaxing)
 .eh_frame      0x0000000000123630       0x24 binaries/lflcontrol.o
                                         0x50 (size before relaxing)
 .eh_frame      0x0000000000123654       0x24 binaries/lflgetc.o
                                         0x50 (size before relaxing)
 .eh_frame      0x0000000000123678       0x24 binaries/lflinit.o
                                         0x50 (size before relaxing)
 .eh_frame      0x000000000012369c       0x24 binaries/lflputc.o
                                         0x50 (size before relaxing)
 .eh_frame      0x00000000001236c0       0x24 binaries/lflread.o
                                         0x50 (size before relaxing)
 .eh_frame      0x00000000001236e4       0x24 binaries/lflseek.o
                                         0x50 (size before relaxing)
 .eh_frame      0x0000000000123708       0x24 binaries/lflwrite.o
                                         0x50 (size before relaxing)
 .eh_frame      0x000000000012372c       0x20 binaries/lfscheck.o
                                         0x4c (size before relaxing)
 .eh_frame      0x000000000012374c       0x24 binaries/lfsckfmt.o
                                         0x50 (size before relaxing)
 .eh_frame      0x0000000000123770       0x24 binaries/lfscreate.o
                                         0x50 (size before relaxing)
 .eh_frame      0x0000000000123794       0x24 binaries/lfsetup.o
                                         0x50 (size before relaxing)
 .eh_frame      0x00000000001237b8       0x24 binaries/lfsinit.o
                                         0x50 (size before relaxing)
 .eh_frame      0x00000000001237dc       0x24 binaries/lfsopen.o
                                         0x50 (size before relaxing)
 .eh_frame      0x0000000000123800       0x24 binaries/lftruncate.o
                                         0x50 (size before relaxing)
 .eh_frame      0x0000000000123824       0x24 binaries/rflclose.o
                                         0x50 (size before relaxing)
 .eh_frame      0x0000000000123848       0x24 binaries/rflgetc.o
                                         0x50 (size before relaxing)
 .eh_frame      0x000000000012386c       0x20 binaries/rflinit.o
                                         0x4c (size before relaxing)
 .eh_frame      0x000000000012388c       0x24 binaries/rflputc.o
                                         0x50 (size before relaxing)
 .eh_frame      0x00000000001238b0       0x24 binaries/rflread.o
                                         0x50 (size before relaxing)
 .eh_frame      0x00000000001238d4       0x24 binaries/rflseek.o
                                         0x50 (size before relaxing)
 .eh_frame      0x00000000001238f8       0x24 binaries/rflwrite.o
                                         0x50 (size before relaxing)
 .eh_frame      0x000000000012391c       0x24 binaries/rfscomm.o
                                         0x50 (size before relaxing)
 .eh_frame      0x0000000000123940       0x24 binaries/rfscontrol.o
                                         0x50 (size before relaxing)
 .eh_frame      0x0000000000123964       0x20 binaries/rfsgetmode.o
                                         0x4c (size before relaxing)
 .eh_frame      0x0000000000123984       0x24 binaries/rfsinit.o
                                         0x50 (size before relaxing)
 .eh_frame      0x00000000001239a8       0x24 binaries/rfsndmsg.o
                                         0x50 (size before relaxing)
 .eh_frame      0x00000000001239cc       0x24 binaries/rfsopen.o
                                         0x50 (size before relaxing)
 .eh_frame      0x00000000001239f0       0xd0 binaries/arp.o
                                        0x124 (size before relaxing)
 .eh_frame      0x0000000000123ac0       0xac binaries/dhcp.o
                                         0xec (size before relaxing)
 .eh_frame      0x0000000000123b6c       0x90 binaries/dns.o
                                         0xd0 (size before relaxing)
 .eh_frame      0x0000000000123bfc       0x20 binaries/dot2ip.o
                                         0x4c (size before relaxing)
 .eh_frame      0x0000000000123c1c       0x48 binaries/hexdump.o
                                         0x74 (size before relaxing)
 .eh_frame      0x0000000000123c64      0x168 binaries/icmp.o
                                        0x1bc (size before relaxing)
 .eh_frame      0x0000000000123dcc      0x130 binaries/ip.o
                                        0x170 (size before relaxing)
 .eh_frame      0x0000000000123efc       0xa8 binaries/net.o
                                         0xfc (size before relaxing)
 .eh_frame      0x0000000000123fa4       0x60 binaries/pdump.o
                                         0xa0 (size before relaxing)
 .eh_frame      0x0000000000124004       0x54 binaries/tftp.o
                                         0x80 (size before relaxing)
 .eh_frame      0x0000000000124058      0x160 binaries/udp.o
                                        0x1b4 (size before relaxing)
 .eh_frame      0x00000000001241b8       0x24 binaries/addargs.o
                                         0x50 (size before relaxing)
 .eh_frame      0x00000000001241dc       0x20 binaries/lexan.o
                                         0x4c (size before relaxing)
 .eh_frame      0x00000000001241fc       0x2c binaries/shell.o
                                         0x58 (size before relaxing)
 .eh_frame      0x0000000000124228       0x24 binaries/xsh_argecho.o
                                         0x50 (size before relaxing)
 .eh_frame      0x000000000012424c       0x48 binaries/xsh_arp.o
                                         0x74 (size before relaxing)
 .eh_frame      0x0000000000124294       0x24 binaries/xsh_cat.o
                                         0x50 (size before relaxing)
 .eh_frame      0x00000000001242b8       0x24 binaries/xsh_clear.o
                                         0x50 (size before relaxing)
 .eh_frame      0x00000000001242dc       0x24 binaries/xsh_date.o
                                         0x50 (size before relaxing)
 .eh_frame      0x0000000000124300       0x24 binaries/xsh_devdump.o
                                         0x50 (size before relaxing)
 .eh_frame      0x0000000000124324       0x24 binaries/xsh_echo.o
                                         0x50 (size before relaxing)
 .eh_frame      0x0000000000124348       0x20 binaries/xsh_exit.o
                                         0x4c (size before relaxing)
 .eh_frame      0x0000000000124368       0x24 binaries/xsh_hello.o
                                         0x50 (size before relaxing)
 .eh_frame      0x000000000012438c       0x24 binaries/xsh_help.o
                                         0x50 (size before relaxing)
 .eh_frame      0x00000000001243b0       0x24 binaries/xsh_kill.o
                                         0x50 (size before relaxing)
 .eh_frame      0x00000000001243d4       0x20 binaries/xsh_layout.o
                                         0x4c (size before relaxing)
 .eh_frame      0x00000000001243f4       0x44 binaries/xsh_memdump.o
                                         0x84 (size before relaxing)
 .eh_frame      0x0000000000124438       0x6c binaries/xsh_memstat.o
                                         0x98 (size before relaxing)
 .eh_frame      0x00000000001244a4       0x30 binaries/xsh_netinfo.o
                                         0x5c (size before relaxing)
 .eh_frame      0x00000000001244d4       0x2c binaries/xsh_ping.o
                                         0x58 (size before relaxing)
 .eh_frame      0x0000000000124500       0x30 binaries/xsh_ps.o
                                         0x5c (size before relaxing)
 .eh_frame      0x0000000000124530       0x24 binaries/xsh_sleep.o
                                         0x50 (size before relaxing)
 .eh_frame      0x0000000000124554       0x24 binaries/xsh_udpdump.o
                                         0x50 (size before relaxing)
 .eh_frame      0x0000000000124578       0x30 binaries/xsh_udpecho.o
                                         0x5c (size before relaxing)
 .eh_frame      0x00000000001245a8       0x2c binaries/xsh_udpserver.o
                                         0x58 (size before relaxing)
 .eh_frame      0x00000000001245d4       0x24 binaries/xsh_uptime.o
                                         0x50 (size before relaxing)

.iplt           0x00000000001245f8        0x0
 .iplt          0x00000000001245f8        0x0 binaries/start.o

.rel.dyn        0x00000000001245f8        0x0
 .rel.got       0x00000000001245f8        0x0 binaries/start.o
 .rel.iplt      0x00000000001245f8        0x0 binaries/start.o
 .rel.text      0x00000000001245f8        0x0 binaries/start.o

.data           0x0000000000124600     0x1a00
                0x0000000000124600                data = ABSOLUTE (.)
 *(.data .data.*)
 .data          0x0000000000124600      0x83a binaries/start.o
                0x0000000000124600                gdt
                0x0000000000124630                idt
                0x0000000000124e36                cpudelay
 .data          0x0000000000124e3a        0x0 binaries/ascdate.o
 *fill*         0x0000000000124e3a        0x6 
 .data.rel.local
                0x0000000000124e40       0x88 binaries/ascdate.o
                0x0000000000124e40                Date
 .data          0x0000000000124ec8        0x0 binaries/bufinit.o
 .data          0x0000000000124ec8        0x0 binaries/chgprio.o
 .data          0x0000000000124ec8        0x0 binaries/chnice.o
 .data          0x0000000000124ec8        0x0 binaries/chprio.o
 .data          0x0000000000124ec8        0x0 binaries/clkhandler.o
 .data          0x0000000000124ec8        0x4 binaries/clkinit.o
                0x0000000000124ec8                hpet
 .data          0x0000000000124ecc        0x0 binaries/close.o
 .data          0x0000000000124ecc        0x0 binaries/conf.o
 *fill*         0x0000000000124ecc       0x14 
 .data.rel      0x0000000000124ee0      0x5a0 binaries/conf.o
                0x0000000000124ee0                devtab
 .data          0x0000000000125480        0x0 binaries/control.o
 .data          0x0000000000125480        0x4 binaries/create.o
 .data          0x0000000000125484        0x0 binaries/early_imr.o
 .data          0x0000000000125484        0x4 binaries/evec.o
                0x0000000000125484                lapic
 *fill*         0x0000000000125488       0x18 
 .data.rel.local
                0x00000000001254a0       0x40 binaries/evec.o
                0x00000000001254a0                inames
 .data          0x00000000001254e0        0x0 binaries/exit.o
 .data          0x00000000001254e0        0x0 binaries/fix16.o
 .data          0x00000000001254e0        0x0 binaries/fix16_str.o
 .data          0x00000000001254e0        0x0 binaries/fix16test.o
 .data          0x00000000001254e0        0x0 binaries/freebuf.o
 .data          0x00000000001254e0        0x0 binaries/freemem.o
 .data          0x00000000001254e0        0x0 binaries/getbuf.o
 .data          0x00000000001254e0        0x0 binaries/getc.o
 .data          0x00000000001254e0        0x0 binaries/getdev.o
 .data          0x00000000001254e0        0x0 binaries/getitem.o
 .data          0x00000000001254e0        0x0 binaries/getloadavg.o
 .data          0x00000000001254e0        0x0 binaries/getmem.o
 .data          0x00000000001254e0        0x0 binaries/getpid.o
 .data          0x00000000001254e0        0x0 binaries/getprio.o
 .data          0x00000000001254e0        0x0 binaries/getrecentcpu.o
 .data          0x00000000001254e0        0x0 binaries/getstk.o
 .data          0x00000000001254e0        0x0 binaries/getticks.o
 .data          0x00000000001254e0        0x0 binaries/gettime.o
 .data          0x00000000001254e0        0x0 binaries/getutime.o
 .data          0x00000000001254e0        0x0 binaries/hello.o
 .data          0x00000000001254e0        0x0 binaries/init.o
 .data          0x00000000001254e0        0x0 binaries/initialize.o
 .data          0x00000000001254e0        0x0 binaries/insert.o
 .data          0x00000000001254e0        0x0 binaries/insertd.o
 .data          0x00000000001254e0        0x0 binaries/ioerr.o
 .data          0x00000000001254e0        0x0 binaries/ionull.o
 .data          0x00000000001254e0        0x0 binaries/kill.o
 .data          0x00000000001254e0        0x0 binaries/kprintf.o
 .data          0x00000000001254e0        0x0 binaries/main.o
 .data          0x00000000001254e0        0x0 binaries/mark.o
 .data          0x00000000001254e0       0x40 binaries/meminit.o
                0x00000000001254e0                bootsign
                0x00000000001254e4                bootinfo
                0x0000000000125500                gdt_copy
 .data          0x0000000000125520        0x0 binaries/mkbufpool.o
 .data          0x0000000000125520        0x2 binaries/newqueue.o
 .data          0x0000000000125522        0x0 binaries/open.o
 .data          0x0000000000125522        0x0 binaries/panic.o
 .data          0x0000000000125522        0x0 binaries/pci.o
 .data          0x0000000000125522        0x0 binaries/platinit.o
 .data          0x0000000000125522        0x0 binaries/ptclear.o
 .data          0x0000000000125522        0x0 binaries/ptcount.o
 .data          0x0000000000125522        0x0 binaries/ptcreate.o
 .data          0x0000000000125522        0x0 binaries/ptdelete.o
 .data          0x0000000000125522        0x0 binaries/ptinit.o
 .data          0x0000000000125522        0x0 binaries/ptrecv.o
 .data          0x0000000000125522        0x0 binaries/ptreset.o
 .data          0x0000000000125522        0x0 binaries/ptsend.o
 .data          0x0000000000125522        0x0 binaries/putc.o
 .data          0x0000000000125522        0x0 binaries/quark_irq.o
 .data          0x0000000000125522        0x0 binaries/quark_pdat.o
 .data          0x0000000000125522        0x0 binaries/queue.o
 .data          0x0000000000125522        0x0 binaries/read.o
 .data          0x0000000000125522        0x0 binaries/ready.o
 .data          0x0000000000125522        0x0 binaries/receive.o
 .data          0x0000000000125522        0x0 binaries/recvclr.o
 .data          0x0000000000125522        0x0 binaries/recvtime.o
 .data          0x0000000000125522        0x0 binaries/resched.o
 .data          0x0000000000125522        0x0 binaries/resume.o
 .data          0x0000000000125522        0x0 binaries/seek.o
 .data          0x0000000000125522        0x0 binaries/semcount.o
 .data          0x0000000000125522        0x0 binaries/semcreate.o
 .data          0x0000000000125522        0x0 binaries/semdelete.o
 .data          0x0000000000125522        0x0 binaries/semreset.o
 .data          0x0000000000125522        0x0 binaries/send.o
 .data          0x0000000000125522        0x0 binaries/setuid.o
 .data          0x0000000000125522        0x0 binaries/signal.o
 .data          0x0000000000125522        0x0 binaries/signaln.o
 .data          0x0000000000125522        0x0 binaries/sleep.o
 .data          0x0000000000125522        0x0 binaries/stacktrace.o
 .data          0x0000000000125522        0x0 binaries/suspend.o
 .data          0x0000000000125522        0x0 binaries/unsleep.o
 .data          0x0000000000125522        0x0 binaries/userret.o
 .data          0x0000000000125522        0x0 binaries/wait.o
 .data          0x0000000000125522        0x0 binaries/wakeup.o
 .data          0x0000000000125522        0x0 binaries/write.o
 .data          0x0000000000125522        0x0 binaries/xdone.o
 .data          0x0000000000125522        0x0 binaries/yield.o
 .data          0x0000000000125522        0x0 binaries/abs.o
 .data          0x0000000000125522        0x0 binaries/atoi.o
 .data          0x0000000000125522        0x0 binaries/atol.o
 .data          0x0000000000125522        0x0 binaries/bzero.o
 .data          0x0000000000125522        0x0 binaries/ctype_.o
 .data          0x0000000000125522        0x0 binaries/doprnt.o
 *fill*         0x0000000000125522       0x1e 
 .data          0x0000000000125540       0x80 binaries/doscan.o
                0x0000000000125540                _sctab
 .data          0x00000000001255c0        0x0 binaries/fdoprnt.o
 .data          0x00000000001255c0        0x0 binaries/fgetc.o
 .data          0x00000000001255c0        0x0 binaries/fgets.o